
Discarded input sections

 .group         0x00000000        0xc build/./interrupts.o
 .group         0x00000000        0xc build/./interrupts.o
 .group         0x00000000        0xc build/./interrupts.o
 .debug_macro   0x00000000      0x886 build/./interrupts.o
 .debug_macro   0x00000000       0x88 build/./interrupts.o
 .debug_macro   0x00000000       0x16 build/./interrupts.o
 .group         0x00000000        0xc build/./idt.o
 .group         0x00000000        0xc build/./idt.o
 .group         0x00000000        0xc build/./idt.o
 .group         0x00000000        0xc build/./idt.o
 .group         0x00000000        0xc build/./idt.o
 .group         0x00000000        0xc build/./idt.o
 .group         0x00000000        0xc build/./idt.o
 .debug_macro   0x00000000      0x886 build/./idt.o
 .debug_macro   0x00000000       0x88 build/./idt.o
 .debug_macro   0x00000000       0x16 build/./idt.o
 .debug_macro   0x00000000       0x35 build/./idt.o
 .debug_macro   0x00000000       0x16 build/./idt.o
 .debug_macro   0x00000000       0x22 build/./idt.o
 .debug_macro   0x00000000       0x10 build/./idt.o
 .group         0x00000000        0xc build/./kmain.o
 .group         0x00000000        0xc build/./kmain.o
 .group         0x00000000        0xc build/./kmain.o
 .group         0x00000000        0xc build/./kmain.o
 .group         0x00000000        0xc build/./kmain.o
 .group         0x00000000        0xc build/./kmain.o
 .debug_macro   0x00000000      0x886 build/./kmain.o
 .debug_macro   0x00000000       0x16 build/./kmain.o
 .debug_macro   0x00000000       0x88 build/./kmain.o
 .debug_macro   0x00000000       0x22 build/./kmain.o
 .debug_macro   0x00000000       0x16 build/./kmain.o
 .debug_macro   0x00000000       0x4c build/./kmain.o

Memory Configuration

Name             Origin             Length             Attributes
*default*        0x00000000         0xffffffff

Linker script and memory map

LOAD build/./gdt.o
LOAD build/./interrupts.o
LOAD build/./idt.o
LOAD build/./kmain.o
LOAD build/./load_descriptors.o
LOAD build/./isr.o

.note.gnu.build-id
 *(.note.gnu.build-id)

.interp
 *(.interp)

.hash
 *(.hash)

.gnu.hash
 *(.gnu.hash)

.dynsym
 *(.dynsym)

.dynstr
 *(.dynstr)

.gnu.version
 *(.gnu.version)

.gnu.version_d
 *(.gnu.version_d)

.gnu.version_r
 *(.gnu.version_r)

.rel.init
 *(.rel.init)

.rel.text
 *(.rel.text)

.rel.fini
 *(.rel.fini)

.rel.rodata
 *(.rel.rodata)

.rel.data.rel.ro
 *(.rel.data.rel.ro)

.rel.data
 *(.rel.data)

.rel.tdata
 *(.rel.tdata)

.rel.tbss
 *(.rel.tbss)

.rel.ctors
 *(.rel.ctors)

.rel.dtors
 *(.rel.dtors)

.rel.got
 *(.rel.got)

.rel.bss
 *(.rel.bss)

.rel.ifunc
 *(.rel.ifunc)

.rel.plt
 *(.rel.plt)

.relr.dyn
 *(.relr.dyn)

.init
 *(SORT_NONE(.init))

.plt
 *(.plt)

.plt.got
 *(.plt.got)

.plt.sec
 *(.plt.sec)

.text           0x00000000      0x485
 *(.text .stub)
 .text          0x00000000      0x121 build/./gdt.o
                0x00000000                create_gdt_entry
                0x0000007d                gdt_init_flat_protected
                0x00000117                get_gdt_ptr
 .text          0x00000121       0xf1 build/./interrupts.o
                0x00000128                interrupt_dispatch
                0x00000178                register_interrupt_handler
                0x00000195                unregister_interrupt_handler
                0x000001b3                get_interrupt_handler
                0x000001cc                setup_x86_interrupts
 .text          0x00000212       0xd3 build/./idt.o
                0x00000212                create_idt_entry
                0x00000266                idt_init
 .text          0x000002e5       0x50 build/./kmain.o
                0x000002e5                kmain
 .text          0x00000335       0x25 build/./load_descriptors.o
                0x00000335                load_gdt
                0x00000352                load_idt
 .text          0x0000035a      0x12b build/./isr.o
                0x0000035a                isr_common_handler
                0x00000381                isr0
                0x00000388                isr1
                0x0000038f                isr2
                0x00000396                isr3
                0x0000039d                isr4
                0x000003a4                isr5
                0x000003ab                isr6
                0x000003b2                isr7
                0x000003b9                isr8
                0x000003be                isr9
                0x000003c5                isr10
                0x000003ca                isr11
                0x000003cf                isr12
                0x000003d4                isr13
                0x000003d9                isr14
                0x000003e1                isr15
                0x000003eb                isr16
                0x000003f5                isr17
                0x000003fd                isr18
                0x00000407                isr19
                0x00000411                isr20
                0x0000041b                isr21
                0x00000423                isr22
                0x0000042d                isr23
                0x00000437                isr24
                0x00000441                isr25
                0x0000044b                isr26
                0x00000455                isr27
                0x0000045f                isr28
                0x00000469                isr29
                0x00000473                isr30
                0x0000047b                isr31
 *(.gnu.warning)

.fini
 *(SORT_NONE(.fini))

.rodata
 *(.rodata)

.rodata1
 *(.rodata1)

.eh_frame_hdr
 *(.eh_frame_hdr)

.eh_frame
 *(.eh_frame)

.sframe
 *(.sframe)

.gcc_except_table
 *(.gcc_except_table)

.gnu_extab
 *(.gnu_extab*)

.exception_ranges
 *(.exception_ranges)

.note.build-id
 *(.note.build-id)

.note.GNU-stack
 *(.note.GNU-stack)

.note.gnu-property
 *(.note.gnu-property)

.note.ABI-tag
 *(.note.ABI-tag)

.note.package
 *(.note.package)

.note.dlopen
 *(.note.dlopen)

.note.netbsd.ident
 *(.note.netbsd.ident)

.note.openbsd.ident
 *(.note.openbsd.ident)

.eh_frame
 *(.eh_frame)

.sframe
 *(.sframe)

.gnu_extab
 *(.gnu_extab)

.gcc_except_table
 *(.gcc_except_table)

.exception_ranges
 *(.exception_ranges)

.tdata
 *(.tdata)

.tbss
 *(.tbss)

.jcr
 *(.jcr)

.dynamic
 *(.dynamic)

.got
 *(.got)

.got.plt
 *(.got.plt)

.data           0x00000000       0x80
 *(.data)
 .data          0x00000000        0x0 build/./gdt.o
 .data          0x00000000        0x0 build/./interrupts.o
 .data          0x00000000       0x80 build/./idt.o
                0x00000000                isr_table
 .data          0x00000080        0x0 build/./kmain.o
 .data          0x00000080        0x0 build/./load_descriptors.o
 .data          0x00000080        0x0 build/./isr.o

.data1
 *(.data1)

.bss            0x00000000      0xc46
 *(.bss)
 .bss           0x00000000       0x36 build/./gdt.o
 *fill*         0x00000036        0xa 
 .bss           0x00000040      0x400 build/./interrupts.o
 .bss           0x00000440      0x806 build/./idt.o
 .bss           0x00000c46        0x0 build/./kmain.o
 .bss           0x00000c46        0x0 build/./load_descriptors.o
 .bss           0x00000c46        0x0 build/./isr.o

.stab
 *(.stab)

.stabstr
 *(.stabstr)

.stab.excl
 *(.stab.excl)

.stab.exclstr
 *(.stab.exclstr)

.stab.index
 *(.stab.index)

.stab.indexstr
 *(.stab.indexstr)

.comment        0x00000000       0x4c
 *(.comment)
 .comment       0x00000000       0x13 build/./gdt.o
 .comment       0x00000013       0x13 build/./interrupts.o
 .comment       0x00000026       0x13 build/./idt.o
 .comment       0x00000039       0x13 build/./kmain.o

.group          0x00000000        0xc
 .group         0x00000000        0xc build/./gdt.o

.group          0x00000000        0xc
 .group         0x00000000        0xc build/./gdt.o

.group          0x00000000        0xc
 .group         0x00000000        0xc build/./gdt.o

.group          0x00000000        0xc
 .group         0x00000000        0xc build/./gdt.o

.group          0x00000000        0xc
 .group         0x00000000        0xc build/./interrupts.o

.group          0x00000000        0xc
 .group         0x00000000        0xc build/./interrupts.o

.group          0x00000000        0xc
 .group         0x00000000        0xc build/./interrupts.o

.group          0x00000000        0xc
 .group         0x00000000        0xc build/./interrupts.o

.group          0x00000000        0xc
 .group         0x00000000        0xc build/./interrupts.o

.group          0x00000000        0xc
 .group         0x00000000        0xc build/./interrupts.o

.group          0x00000000        0xc
 .group         0x00000000        0xc build/./interrupts.o

.group          0x00000000        0xc
 .group         0x00000000        0xc build/./idt.o

.group          0x00000000        0xc
 .group         0x00000000        0xc build/./kmain.o

.group          0x00000000        0xc
 .group         0x00000000        0xc build/./kmain.o

.gnu.build.attributes
 *(.gnu.build.attributes)

.debug
 *(.debug)

.line
 *(.line)

.debug_srcinfo
 *(.debug_srcinfo)

.debug_sfnames
 *(.debug_sfnames)

.debug_aranges  0x00000000       0xc0
 *(.debug_aranges)
 .debug_aranges
                0x00000000       0x20 build/./gdt.o
 .debug_aranges
                0x00000020       0x20 build/./interrupts.o
 .debug_aranges
                0x00000040       0x20 build/./idt.o
 .debug_aranges
                0x00000060       0x20 build/./kmain.o
 .debug_aranges
                0x00000080       0x20 build/./load_descriptors.o
 .debug_aranges
                0x000000a0       0x20 build/./isr.o

.debug_pubnames
 *(.debug_pubnames)

.debug_info     0x00000000      0x99a
 *(.debug_info)
 .debug_info    0x00000000      0x1eb build/./gdt.o
 .debug_info    0x000001eb      0x319 build/./interrupts.o
 .debug_info    0x00000504      0x33a build/./idt.o
 .debug_info    0x0000083e      0x110 build/./kmain.o
 .debug_info    0x0000094e       0x26 build/./load_descriptors.o
 .debug_info    0x00000974       0x26 build/./isr.o

.debug_abbrev   0x00000000      0x4b5
 *(.debug_abbrev)
 .debug_abbrev  0x00000000       0xfc build/./gdt.o
 .debug_abbrev  0x000000fc      0x16c build/./interrupts.o
 .debug_abbrev  0x00000268      0x152 build/./idt.o
 .debug_abbrev  0x000003ba       0xd3 build/./kmain.o
 .debug_abbrev  0x0000048d       0x14 build/./load_descriptors.o
 .debug_abbrev  0x000004a1       0x14 build/./isr.o

.debug_line     0x00000000      0xbc4
 *(.debug_line)
 .debug_line    0x00000000      0x1dc build/./gdt.o
 .debug_line    0x000001dc      0x400 build/./interrupts.o
 .debug_line    0x000005dc      0x2eb build/./idt.o
 .debug_line    0x000008c7      0x24b build/./kmain.o
 .debug_line    0x00000b12       0x4b build/./load_descriptors.o
 .debug_line    0x00000b5d       0x67 build/./isr.o

.debug_frame    0x00000000      0x210
 *(.debug_frame)
 .debug_frame   0x00000000       0x74 build/./gdt.o
 .debug_frame   0x00000074       0xd4 build/./interrupts.o
 .debug_frame   0x00000148       0x54 build/./idt.o
 .debug_frame   0x0000019c       0x74 build/./kmain.o

.debug_str      0x00000000     0xd3e6
 *(.debug_str)
 .debug_str     0x00000000     0x33d0 build/./gdt.o
 .debug_str     0x000033d0     0x3722 build/./interrupts.o
 .debug_str     0x00006af2     0x33b2 build/./idt.o
 .debug_str     0x00009ea4     0x345b build/./kmain.o
 .debug_str     0x0000d2ff       0x7a build/./load_descriptors.o
 .debug_str     0x0000d379       0x6d build/./isr.o

.debug_loc
 *(.debug_loc)

.debug_macinfo
 *(.debug_macinfo)

.debug_weaknames
 *(.debug_weaknames)

.debug_funcnames
 *(.debug_funcnames)

.debug_typenames
 *(.debug_typenames)

.debug_varnames
 *(.debug_varnames)

.debug_pubtypes
 *(.debug_pubtypes)

.debug_ranges
 *(.debug_ranges)

.debug_addr
 *(.debug_addr)

.debug_line_str
 *(.debug_line_str)

.debug_loclists
 *(.debug_loclists)

.debug_macro    0x00000000      0x1f4
 *(.debug_macro)
 .debug_macro   0x00000000       0x9c build/./gdt.o
 .debug_macro   0x0000009c       0x82 build/./interrupts.o
 .debug_macro   0x0000011e       0x6c build/./idt.o
 .debug_macro   0x0000018a       0x6a build/./kmain.o

.debug_names
 *(.debug_names)

.debug_rnglists
 *(.debug_rnglists)

.debug_str_offsets
 *(.debug_str_offsets)

.debug_sup
 *(.debug_sup)

.gnu.attributes
 *(.gnu.attributes)
OUTPUT(init.o elf32-i386)

.debug_macro    0x00000000      0x886
 .debug_macro   0x00000000      0x886 build/./gdt.o

.debug_macro    0x00000000       0x88
 .debug_macro   0x00000000       0x88 build/./gdt.o

.debug_macro    0x00000000       0x82
 .debug_macro   0x00000000       0x82 build/./gdt.o

.debug_macro    0x00000000       0x16
 .debug_macro   0x00000000       0x16 build/./gdt.o

.debug_macro    0x00000000       0x16
 .debug_macro   0x00000000       0x16 build/./interrupts.o

.debug_macro    0x00000000       0x35
 .debug_macro   0x00000000       0x35 build/./interrupts.o

.debug_macro    0x00000000       0x4c
 .debug_macro   0x00000000       0x4c build/./interrupts.o

.debug_macro    0x00000000       0x46
 .debug_macro   0x00000000       0x46 build/./interrupts.o

.debug_macro    0x00000000       0xa6
 .debug_macro   0x00000000       0xa6 build/./interrupts.o

.debug_macro    0x00000000       0x22
 .debug_macro   0x00000000       0x22 build/./interrupts.o

.debug_macro    0x00000000       0x10
 .debug_macro   0x00000000       0x10 build/./interrupts.o

.debug_macro    0x00000000       0x40
 .debug_macro   0x00000000       0x40 build/./idt.o

.debug_macro    0x00000000       0x88
 .debug_macro   0x00000000       0x88 build/./kmain.o

.debug_macro    0x00000000       0x3b
 .debug_macro   0x00000000       0x3b build/./kmain.o
