
Discarded input sections

 .group         0x00000000        0xc build/./interrupts.o
 .group         0x00000000        0xc build/./interrupts.o
 .debug_macro   0x00000000      0x886 build/./interrupts.o
 .debug_macro   0x00000000       0x88 build/./interrupts.o
 .group         0x00000000        0xc build/./idt.o
 .group         0x00000000        0xc build/./idt.o
 .group         0x00000000        0xc build/./idt.o
 .group         0x00000000        0xc build/./idt.o
 .debug_macro   0x00000000      0x886 build/./idt.o
 .debug_macro   0x00000000       0x88 build/./idt.o
 .debug_macro   0x00000000       0x16 build/./idt.o
 .debug_macro   0x00000000       0x16 build/./idt.o
 .group         0x00000000        0xc build/./kmain.o
 .group         0x00000000        0xc build/./kmain.o
 .group         0x00000000        0xc build/./kmain.o
 .group         0x00000000        0xc build/./kmain.o
 .debug_macro   0x00000000      0x886 build/./kmain.o
 .debug_macro   0x00000000       0x16 build/./kmain.o
 .debug_macro   0x00000000       0x88 build/./kmain.o
 .debug_macro   0x00000000       0x16 build/./kmain.o

Memory Configuration

Name             Origin             Length             Attributes
*default*        0x00000000         0xffffffff

Linker script and memory map

LOAD build/./gdt.o
LOAD build/./interrupts.o
LOAD build/./idt.o
LOAD build/./kmain.o
LOAD build/./load_descriptors.o
LOAD build/./isr.o

.note.gnu.build-id
 *(.note.gnu.build-id)

.interp
 *(.interp)

.hash
 *(.hash)

.gnu.hash
 *(.gnu.hash)

.dynsym
 *(.dynsym)

.dynstr
 *(.dynstr)

.gnu.version
 *(.gnu.version)

.gnu.version_d
 *(.gnu.version_d)

.gnu.version_r
 *(.gnu.version_r)

.rel.init
 *(.rel.init)

.rel.text
 *(.rel.text)

.rel.fini
 *(.rel.fini)

.rel.rodata
 *(.rel.rodata)

.rel.data.rel.ro
 *(.rel.data.rel.ro)

.rel.data
 *(.rel.data)

.rel.tdata
 *(.rel.tdata)

.rel.tbss
 *(.rel.tbss)

.rel.ctors
 *(.rel.ctors)

.rel.dtors
 *(.rel.dtors)

.rel.got
 *(.rel.got)

.rel.bss
 *(.rel.bss)

.rel.ifunc
 *(.rel.ifunc)

.rel.plt
 *(.rel.plt)

.relr.dyn
 *(.relr.dyn)

.init
 *(SORT_NONE(.init))

.plt
 *(.plt)

.plt.got
 *(.plt.got)

.plt.sec
 *(.plt.sec)

.text           0x00000000      0x7e7
 *(.text .stub)
 .text          0x00000000      0x121 build/./gdt.o
                0x00000000                create_gdt_entry
                0x0000007d                gdt_init_flat_protected
                0x00000117                get_gdt_ptr
 .text          0x00000121      0x179 build/./interrupts.o
                0x00000128                interrupt_dispatch
                0x00000200                register_interrupt_handler
                0x0000021d                unregister_interrupt_handler
                0x0000023b                get_interrupt_handler
                0x00000254                setup_x86_interrupts
 .text          0x0000029a      0x3d8 build/./idt.o
                0x0000029a                create_idt_entry
                0x000002ee                idt_init
 .text          0x00000672       0x4b build/./kmain.o
                0x00000672                kmain
 .text          0x000006bd       0x25 build/./load_descriptors.o
                0x000006bd                load_gdt
                0x000006da                load_idt
 .text          0x000006e2      0x105 build/./isr.o
                0x000006e2                isr_common_handler
                0x00000709                isr0
                0x0000070f                isr1
                0x00000715                isr2
                0x0000071b                isr3
                0x00000721                isr4
                0x00000727                isr5
                0x0000072d                isr6
                0x00000733                isr7
                0x00000739                isr8
                0x0000073d                isr9
                0x00000743                isr10
                0x00000747                isr11
                0x0000074b                isr12
                0x0000074f                isr13
                0x00000753                isr14
                0x00000757                isr15
                0x0000075d                isr16
                0x00000766                isr17
                0x0000076d                isr18
                0x00000776                isr19
                0x0000077f                isr20
                0x00000788                isr21
                0x0000078f                isr22
                0x00000798                isr23
                0x000007a1                isr24
                0x000007aa                isr25
                0x000007b3                isr26
                0x000007bc                isr27
                0x000007c5                isr28
                0x000007ce                isr29
                0x000007d7                isr30
                0x000007de                isr31
 *(.gnu.warning)

.fini
 *(SORT_NONE(.fini))

.rodata         0x00000000       0xe3
 *(.rodata)
 .rodata        0x00000000       0xe3 build/./interrupts.o

.rodata1
 *(.rodata1)

.eh_frame_hdr
 *(.eh_frame_hdr)

.eh_frame
 *(.eh_frame)

.sframe
 *(.sframe)

.gcc_except_table
 *(.gcc_except_table)

.gnu_extab
 *(.gnu_extab*)

.exception_ranges
 *(.exception_ranges)

.note.build-id
 *(.note.build-id)

.note.GNU-stack
 *(.note.GNU-stack)

.note.gnu-property
 *(.note.gnu-property)

.note.ABI-tag
 *(.note.ABI-tag)

.note.package
 *(.note.package)

.note.dlopen
 *(.note.dlopen)

.note.netbsd.ident
 *(.note.netbsd.ident)

.note.openbsd.ident
 *(.note.openbsd.ident)

.eh_frame
 *(.eh_frame)

.sframe
 *(.sframe)

.gnu_extab
 *(.gnu_extab)

.gcc_except_table
 *(.gcc_except_table)

.exception_ranges
 *(.exception_ranges)

.tdata
 *(.tdata)

.tbss
 *(.tbss)

.jcr
 *(.jcr)

.dynamic
 *(.dynamic)

.got
 *(.got)

.got.plt
 *(.got.plt)

.data           0x00000000        0x0
 *(.data)
 .data          0x00000000        0x0 build/./gdt.o
 .data          0x00000000        0x0 build/./interrupts.o
 .data          0x00000000        0x0 build/./idt.o
 .data          0x00000000        0x0 build/./kmain.o
 .data          0x00000000        0x0 build/./load_descriptors.o
 .data          0x00000000        0x0 build/./isr.o

.data1
 *(.data1)

.bss            0x00000000      0xc46
 *(.bss)
 .bss           0x00000000       0x36 build/./gdt.o
 *fill*         0x00000036        0xa 
 .bss           0x00000040      0x400 build/./interrupts.o
 .bss           0x00000440      0x806 build/./idt.o
 .bss           0x00000c46        0x0 build/./kmain.o
 .bss           0x00000c46        0x0 build/./load_descriptors.o
 .bss           0x00000c46        0x0 build/./isr.o

.stab
 *(.stab)

.stabstr
 *(.stabstr)

.stab.excl
 *(.stab.excl)

.stab.exclstr
 *(.stab.exclstr)

.stab.index
 *(.stab.index)

.stab.indexstr
 *(.stab.indexstr)

.comment        0x00000000       0x4c
 *(.comment)
 .comment       0x00000000       0x13 build/./gdt.o
 .comment       0x00000013       0x13 build/./interrupts.o
 .comment       0x00000026       0x13 build/./idt.o
 .comment       0x00000039       0x13 build/./kmain.o

.group          0x00000000        0xc
 .group         0x00000000        0xc build/./gdt.o

.group          0x00000000        0xc
 .group         0x00000000        0xc build/./gdt.o

.group          0x00000000        0xc
 .group         0x00000000        0xc build/./gdt.o

.group          0x00000000        0xc
 .group         0x00000000        0xc build/./gdt.o

.group          0x00000000        0xc
 .group         0x00000000        0xc build/./interrupts.o

.group          0x00000000        0xc
 .group         0x00000000        0xc build/./interrupts.o

.group          0x00000000        0xc
 .group         0x00000000        0xc build/./interrupts.o

.group          0x00000000        0xc
 .group         0x00000000        0xc build/./interrupts.o

.group          0x00000000        0xc
 .group         0x00000000        0xc build/./interrupts.o

.group          0x00000000        0xc
 .group         0x00000000        0xc build/./idt.o

.group          0x00000000        0xc
 .group         0x00000000        0xc build/./idt.o

.group          0x00000000        0xc
 .group         0x00000000        0xc build/./kmain.o

.group          0x00000000        0xc
 .group         0x00000000        0xc build/./kmain.o

.gnu.build.attributes
 *(.gnu.build.attributes)

.debug
 *(.debug)

.line
 *(.line)

.debug_srcinfo
 *(.debug_srcinfo)

.debug_sfnames
 *(.debug_sfnames)

.debug_aranges  0x00000000       0xc0
 *(.debug_aranges)
 .debug_aranges
                0x00000000       0x20 build/./gdt.o
 .debug_aranges
                0x00000020       0x20 build/./interrupts.o
 .debug_aranges
                0x00000040       0x20 build/./idt.o
 .debug_aranges
                0x00000060       0x20 build/./kmain.o
 .debug_aranges
                0x00000080       0x20 build/./load_descriptors.o
 .debug_aranges
                0x000000a0       0x20 build/./isr.o

.debug_pubnames
 *(.debug_pubnames)

.debug_info     0x00000000      0x977
 *(.debug_info)
 .debug_info    0x00000000      0x1eb build/./gdt.o
 .debug_info    0x000001eb      0x34a build/./interrupts.o
 .debug_info    0x00000535      0x2ee build/./idt.o
 .debug_info    0x00000823      0x108 build/./kmain.o
 .debug_info    0x0000092b       0x26 build/./load_descriptors.o
 .debug_info    0x00000951       0x26 build/./isr.o

.debug_abbrev   0x00000000      0x4b3
 *(.debug_abbrev)
 .debug_abbrev  0x00000000       0xfc build/./gdt.o
 .debug_abbrev  0x000000fc      0x18f build/./interrupts.o
 .debug_abbrev  0x0000028b      0x12d build/./idt.o
 .debug_abbrev  0x000003b8       0xd3 build/./kmain.o
 .debug_abbrev  0x0000048b       0x14 build/./load_descriptors.o
 .debug_abbrev  0x0000049f       0x14 build/./isr.o

.debug_line     0x00000000      0xa04
 *(.debug_line)
 .debug_line    0x00000000      0x1dc build/./gdt.o
 .debug_line    0x000001dc      0x310 build/./interrupts.o
 .debug_line    0x000004ec      0x28f build/./idt.o
 .debug_line    0x0000077b      0x1d7 build/./kmain.o
 .debug_line    0x00000952       0x4b build/./load_descriptors.o
 .debug_line    0x0000099d       0x67 build/./isr.o

.debug_frame    0x00000000      0x210
 *(.debug_frame)
 .debug_frame   0x00000000       0x74 build/./gdt.o
 .debug_frame   0x00000074       0xd4 build/./interrupts.o
 .debug_frame   0x00000148       0x54 build/./idt.o
 .debug_frame   0x0000019c       0x74 build/./kmain.o

.debug_str      0x00000000     0xceec
 *(.debug_str)
 .debug_str     0x00000000     0x33d0 build/./gdt.o
 .debug_str     0x000033d0     0x35e8 build/./interrupts.o
 .debug_str     0x000069b8     0x329c build/./idt.o
 .debug_str     0x00009c54     0x31b1 build/./kmain.o
 .debug_str     0x0000ce05       0x7a build/./load_descriptors.o
 .debug_str     0x0000ce7f       0x6d build/./isr.o

.debug_loc
 *(.debug_loc)

.debug_macinfo
 *(.debug_macinfo)

.debug_weaknames
 *(.debug_weaknames)

.debug_funcnames
 *(.debug_funcnames)

.debug_typenames
 *(.debug_typenames)

.debug_varnames
 *(.debug_varnames)

.debug_pubtypes
 *(.debug_pubtypes)

.debug_ranges
 *(.debug_ranges)

.debug_addr
 *(.debug_addr)

.debug_line_str
 *(.debug_line_str)

.debug_loclists
 *(.debug_loclists)

.debug_macro    0x00000000      0x193
 *(.debug_macro)
 .debug_macro   0x00000000       0x9c build/./gdt.o
 .debug_macro   0x0000009c       0x51 build/./interrupts.o
 .debug_macro   0x000000ed       0x54 build/./idt.o
 .debug_macro   0x00000141       0x52 build/./kmain.o

.debug_names
 *(.debug_names)

.debug_rnglists
 *(.debug_rnglists)

.debug_str_offsets
 *(.debug_str_offsets)

.debug_sup
 *(.debug_sup)

.gnu.attributes
 *(.gnu.attributes)
OUTPUT(init.o elf32-i386)

.debug_macro    0x00000000      0x886
 .debug_macro   0x00000000      0x886 build/./gdt.o

.debug_macro    0x00000000       0x88
 .debug_macro   0x00000000       0x88 build/./gdt.o

.debug_macro    0x00000000       0x82
 .debug_macro   0x00000000       0x82 build/./gdt.o

.debug_macro    0x00000000       0x16
 .debug_macro   0x00000000       0x16 build/./gdt.o

.debug_macro    0x00000000       0x16
 .debug_macro   0x00000000       0x16 build/./interrupts.o

.debug_macro    0x00000000       0x3b
 .debug_macro   0x00000000       0x3b build/./interrupts.o

.debug_macro    0x00000000       0x4c
 .debug_macro   0x00000000       0x4c build/./interrupts.o

.debug_macro    0x00000000       0x46
 .debug_macro   0x00000000       0x46 build/./interrupts.o

.debug_macro    0x00000000       0xa6
 .debug_macro   0x00000000       0xa6 build/./interrupts.o

.debug_macro    0x00000000       0x40
 .debug_macro   0x00000000       0x40 build/./idt.o

.debug_macro    0x00000000       0x35
 .debug_macro   0x00000000       0x35 build/./idt.o

.debug_macro    0x00000000       0x22
 .debug_macro   0x00000000       0x22 build/./kmain.o

.debug_macro    0x00000000       0x88
 .debug_macro   0x00000000       0x88 build/./kmain.o
