Archive member included to satisfy reference by file (symbol)

libc/libc.a(string.o)         init/init.o (memset)

Discarded input sections

 .group         0x00000000        0xc init/init.o
 .group         0x00000000        0xc init/init.o
 .group         0x00000000        0xc init/init.o
 .group         0x00000000        0xc init/init.o
 .group         0x00000000        0xc init/init.o
 .group         0x00000000        0xc init/init.o
 .group         0x00000000        0xc init/init.o
 .group         0x00000000        0xc init/init.o
 .group         0x00000000        0xc init/init.o
 .group         0x00000000        0xc init/init.o
 .group         0x00000000        0xc init/init.o
 .group         0x00000000        0xc init/init.o
 .group         0x00000000        0xc init/init.o
 .group         0x00000000        0xc init/init.o
 .group         0x00000000        0xc driver/driver.o
 .group         0x00000000        0xc driver/driver.o
 .group         0x00000000        0xc driver/driver.o
 .group         0x00000000        0xc driver/driver.o
 .group         0x00000000        0xc driver/driver.o
 .group         0x00000000        0xc driver/driver.o
 .group         0x00000000        0xc driver/driver.o
 .group         0x00000000        0xc driver/driver.o
 .group         0x00000000        0xc driver/driver.o
 .group         0x00000000        0xc driver/driver.o
 .group         0x00000000        0xc driver/driver.o
 .group         0x00000000        0xc driver/driver.o
 .group         0x00000000        0xc driver/driver.o
 .debug_macro   0x00000000      0x886 driver/driver.o
 .debug_macro   0x00000000       0x88 driver/driver.o
 .debug_macro   0x00000000       0x16 driver/driver.o
 .debug_macro   0x00000000       0x35 driver/driver.o
 .debug_macro   0x00000000       0xa6 driver/driver.o
 .debug_macro   0x00000000       0x3b driver/driver.o
 .debug_macro   0x00000000       0x4c driver/driver.o
 .debug_macro   0x00000000       0x16 driver/driver.o
 .group         0x00000000        0xc tests/tests.o
 .group         0x00000000        0xc tests/tests.o
 .group         0x00000000        0xc tests/tests.o
 .group         0x00000000        0xc tests/tests.o
 .group         0x00000000        0xc tests/tests.o
 .group         0x00000000        0xc tests/tests.o
 .group         0x00000000        0xc tests/tests.o
 .group         0x00000000        0xc tests/tests.o
 .group         0x00000000        0xc tests/tests.o
 .group         0x00000000        0xc tests/tests.o
 .group         0x00000000        0xc tests/tests.o
 .group         0x00000000        0xc tests/tests.o
 .group         0x00000000        0xc tests/tests.o
 .debug_macro   0x00000000      0x886 tests/tests.o
 .debug_macro   0x00000000       0x22 tests/tests.o
 .debug_macro   0x00000000       0x16 tests/tests.o
 .debug_macro   0x00000000       0x88 tests/tests.o
 .debug_macro   0x00000000       0x3b tests/tests.o
 .debug_macro   0x00000000       0x4c tests/tests.o
 .debug_macro   0x00000000       0x22 tests/tests.o
 .debug_macro   0x00000000       0x16 tests/tests.o
 .debug_macro   0x00000000       0x10 tests/tests.o
 .debug_macro   0x00000000       0x3a tests/tests.o
 .debug_macro   0x00000000      0x1e3 tests/tests.o
 .debug_macro   0x00000000      0x166 tests/tests.o
 .group         0x00000000        0xc libc/libc.a(string.o)
 .group         0x00000000        0xc libc/libc.a(string.o)
 .group         0x00000000        0xc libc/libc.a(string.o)
 .group         0x00000000        0xc libc/libc.a(string.o)
 .group         0x00000000        0xc libc/libc.a(string.o)
 .debug_macro   0x00000000      0x886 libc/libc.a(string.o)
 .debug_macro   0x00000000       0x16 libc/libc.a(string.o)
 .debug_macro   0x00000000       0x88 libc/libc.a(string.o)
 .debug_macro   0x00000000       0x16 libc/libc.a(string.o)
 .debug_macro   0x00000000       0x22 libc/libc.a(string.o)

Memory Configuration

Name             Origin             Length             Attributes
*default*        0x00000000         0xffffffff

Linker script and memory map

                0xc0100000                        . = 0xc0100000
                0xc0100000                        kernel_start = .
                0xc0100100                        . = (. + 0x100)
                0xc0100100                        kcode_start = .

.text           0xc0100100     0x17bc
 *(.text)
 .text          0xc0100100      0x485 init/init.o
                0xc0100100                create_gdt_entry
                0xc010017d                gdt_init_flat_protected
                0xc0100217                get_gdt_ptr
                0xc0100228                interrupt_dispatch
                0xc0100278                register_interrupt_handler
                0xc0100295                unregister_interrupt_handler
                0xc01002b3                get_interrupt_handler
                0xc01002cc                setup_x86_interrupts
                0xc0100312                create_idt_entry
                0xc0100366                idt_init
                0xc01003e5                kmain
                0xc0100435                load_gdt
                0xc0100452                load_idt
                0xc010045a                isr_common_handler
                0xc0100481                isr0
                0xc0100488                isr1
                0xc010048f                isr2
                0xc0100496                isr3
                0xc010049d                isr4
                0xc01004a4                isr5
                0xc01004ab                isr6
                0xc01004b2                isr7
                0xc01004b9                isr8
                0xc01004be                isr9
                0xc01004c5                isr10
                0xc01004ca                isr11
                0xc01004cf                isr12
                0xc01004d4                isr13
                0xc01004d9                isr14
                0xc01004e1                isr15
                0xc01004eb                isr16
                0xc01004f5                isr17
                0xc01004fd                isr18
                0xc0100507                isr19
                0xc0100511                isr20
                0xc010051b                isr21
                0xc0100523                isr22
                0xc010052d                isr23
                0xc0100537                isr24
                0xc0100541                isr25
                0xc010054b                isr26
                0xc0100555                isr27
                0xc010055f                isr28
                0xc0100569                isr29
                0xc0100573                isr30
                0xc010057b                isr31
 .text          0xc0100585      0x573 driver/driver.o
                0xc01005a4                pic_init
                0xc0100646                pic_send_eoi
                0xc01006b2                serial_init
                0xc0100715                serial_putc
                0xc0100751                serial_puts
                0xc010077c                serial_getc
                0xc01009bc                kbd_keycode_to_ascii
                0xc01009e1                vga_entry_color
                0xc01009f6                vga_entry
                0xc0100a19                vga_move_cursor_to
                0xc0100a97                vga_putentry_at
                0xc0100aee                vga_get_screen_buffer
 .text          0xc0100af8      0x7db tests/tests.o
                0xc0100af8                test_intr_reg
                0xc0100bb8                test_intr_unreg
                0xc0100c60                test_intr_multi
                0xc0100d65                test_vga_entry
                0xc0100e40                test_vga_cursor
                0xc0100f40                test_vga_entry_overwrite
                0xc0101046                test_vga_entry_colors
                0xc01010f2                test_vga_entry_boundaries
                0xc01011b3                start_tests
                0xc0101244                read_command
                0xc01012af                send_msg
 .text          0xc01012d3      0x5e9 libc/libc.a(string.o)
                0xc01012d3                strlen
                0xc01012fa                memset
                0xc010132d                strcmp
                0xc010136c                memcpy
                0xc01013ad                memcmp
                0xc0101417                strcpy
                0xc0101451                strncpy
                0xc01014ae                strchr
                0xc01014da                strtok
                0xc010158c                strtol
                0xc0101754                strtok_r
                0xc0101872                strcat
                0xc01018bc                        kcode_end = .
                0xc01018bc                        krodata_start = .

.iplt           0xc01018bc        0x0
 .iplt          0xc01018bc        0x0 init/init.o

.rodata         0xc01018c0      0x3be
 *(.rodata)
 .rodata        0xc01018c0      0x14c driver/driver.o
 .rodata        0xc0101a0c      0x272 tests/tests.o
 *(.rodata.*)
                0xc0101c7e                        krodata_end = .
                0xc0101c7e                        kdata_start = .

.rel.dyn        0xc0101c80        0x0
 .rel.got       0xc0101c80        0x0 init/init.o
 .rel.iplt      0xc0101c80        0x0 init/init.o
 .rel.text      0xc0101c80        0x0 init/init.o

.data           0xc0101c80       0xc8
 *(.data)
 .data          0xc0101c80       0x80 init/init.o
                0xc0101c80                isr_table
 .data          0xc0101d00        0x0 driver/driver.o
 .data          0xc0101d00       0x48 tests/tests.o
 .data          0xc0101d48        0x0 libc/libc.a(string.o)
                0xc0101d48                        kdata_end = .
                0xc0101d48                        kbss_start = .

.got            0xc0101d48        0x0
 .got           0xc0101d48        0x0 init/init.o

.got.plt        0xc0101d48        0x0
 .got.plt       0xc0101d48        0x0 init/init.o

.igot.plt       0xc0101d48        0x0
 .igot.plt      0xc0101d48        0x0 init/init.o

.bss            0xc0101d60      0xe44
 *(.bss)
 .bss           0xc0101d60      0xc46 init/init.o
 *fill*         0xc01029a6       0x1a 
 .bss           0xc01029c0      0x128 driver/driver.o
 *fill*         0xc0102ae8       0x18 
 .bss           0xc0102b00       0xa0 tests/tests.o
 .bss           0xc0102ba0        0x4 libc/libc.a(string.o)
                0xc0102ba4                        kbss_end = .

/DISCARD/
 *(.eh_frame .note.GNU-stack)
                0xc0102ba4                        kernel_end = .
LOAD init/init.o
LOAD driver/driver.o
LOAD tests/tests.o
LOAD libc/libc.a
OUTPUT(kernel.elf elf32-i386)

.comment        0x00000000       0x12
 .comment       0x00000000       0x12 init/init.o
                                 0x4c (size before relaxing)
 .comment       0x00000012        0x0 driver/driver.o
                                 0x4c (size before relaxing)
 .comment       0x00000012        0x0 tests/tests.o
                                 0x85 (size before relaxing)
 .comment       0x00000012        0x0 libc/libc.a(string.o)
                                 0x13 (size before relaxing)

.debug_aranges  0x00000000      0x220
 .debug_aranges
                0x00000000       0xc0 init/init.o
 .debug_aranges
                0x000000c0       0x80 driver/driver.o
 .debug_aranges
                0x00000140       0xc0 tests/tests.o
 .debug_aranges
                0x00000200       0x20 libc/libc.a(string.o)

.debug_info     0x00000000     0x2535
 .debug_info    0x00000000      0x99a init/init.o
 .debug_info    0x0000099a      0xc7b driver/driver.o
 .debug_info    0x00001615      0x9de tests/tests.o
 .debug_info    0x00001ff3      0x542 libc/libc.a(string.o)

.debug_abbrev   0x00000000      0xebc
 .debug_abbrev  0x00000000      0x4b5 init/init.o
 .debug_abbrev  0x000004b5      0x45f driver/driver.o
 .debug_abbrev  0x00000914      0x44a tests/tests.o
 .debug_abbrev  0x00000d5e      0x15e libc/libc.a(string.o)

.debug_line     0x00000000     0x2474
 .debug_line    0x00000000      0xbc4 init/init.o
 .debug_line    0x00000bc4      0x828 driver/driver.o
 .debug_line    0x000013ec      0xb91 tests/tests.o
 .debug_line    0x00001f7d      0x4f7 libc/libc.a(string.o)

.debug_frame    0x00000000      0x9b4
 .debug_frame   0x00000000      0x210 init/init.o
 .debug_frame   0x00000210      0x3d4 driver/driver.o
 .debug_frame   0x000005e4      0x23c tests/tests.o
 .debug_frame   0x00000820      0x194 libc/libc.a(string.o)

.debug_str      0x00000000     0x58b1
 .debug_str     0x00000000     0x58b1 init/init.o
                               0xd3e6 (size before relaxing)
 .debug_str     0x000058b1        0x0 driver/driver.o
                               0xdd6b (size before relaxing)
 .debug_str     0x000058b1        0x0 tests/tests.o
                              0x156a8 (size before relaxing)
 .debug_str     0x000058b1        0x0 libc/libc.a(string.o)
                               0x2fc3 (size before relaxing)

.debug_macro    0x00000000     0x15a1
 .debug_macro   0x00000000      0x1f4 init/init.o
 .debug_macro   0x000001f4      0x886 init/init.o
 .debug_macro   0x00000a7a       0x88 init/init.o
 .debug_macro   0x00000b02       0x82 init/init.o
 .debug_macro   0x00000b84       0x16 init/init.o
 .debug_macro   0x00000b9a       0x16 init/init.o
 .debug_macro   0x00000bb0       0x35 init/init.o
 .debug_macro   0x00000be5       0x4c init/init.o
 .debug_macro   0x00000c31       0x46 init/init.o
 .debug_macro   0x00000c77       0xa6 init/init.o
 .debug_macro   0x00000d1d       0x22 init/init.o
 .debug_macro   0x00000d3f       0x10 init/init.o
 .debug_macro   0x00000d4f       0x40 init/init.o
 .debug_macro   0x00000d8f       0x88 init/init.o
 .debug_macro   0x00000e17       0x3b init/init.o
 .debug_macro   0x00000e52      0x135 driver/driver.o
 .debug_macro   0x00000f87       0x22 driver/driver.o
 .debug_macro   0x00000fa9      0x1e3 driver/driver.o
 .debug_macro   0x0000118c      0x166 driver/driver.o
 .debug_macro   0x000012f2       0x52 driver/driver.o
 .debug_macro   0x00001344       0x3a driver/driver.o
 .debug_macro   0x0000137e      0x1ce tests/tests.o
 .debug_macro   0x0000154c       0x16 tests/tests.o
 .debug_macro   0x00001562       0x3f libc/libc.a(string.o)

.debug_ranges   0x00000000       0x48
 .debug_ranges  0x00000000       0x48 libc/libc.a(string.o)
