Archive member included to satisfy reference by file (symbol)

libc/libc.a(string.o)         init/init.o (memset)

Discarded input sections

 .group         0x00000000        0xc init/init.o
 .group         0x00000000        0xc init/init.o
 .group         0x00000000        0xc init/init.o
 .group         0x00000000        0xc init/init.o
 .group         0x00000000        0xc init/init.o
 .group         0x00000000        0xc init/init.o
 .group         0x00000000        0xc init/init.o
 .group         0x00000000        0xc init/init.o
 .group         0x00000000        0xc init/init.o
 .group         0x00000000        0xc init/init.o
 .group         0x00000000        0xc init/init.o
 .group         0x00000000        0xc init/init.o
 .group         0x00000000        0xc init/init.o
 .group         0x00000000        0xc driver/driver.o
 .group         0x00000000        0xc driver/driver.o
 .group         0x00000000        0xc driver/driver.o
 .group         0x00000000        0xc driver/driver.o
 .group         0x00000000        0xc driver/driver.o
 .group         0x00000000        0xc driver/driver.o
 .group         0x00000000        0xc driver/driver.o
 .group         0x00000000        0xc driver/driver.o
 .group         0x00000000        0xc driver/driver.o
 .group         0x00000000        0xc driver/driver.o
 .group         0x00000000        0xc driver/driver.o
 .group         0x00000000        0xc driver/driver.o
 .group         0x00000000        0xc driver/driver.o
 .debug_macro   0x00000000      0x886 driver/driver.o
 .debug_macro   0x00000000       0x88 driver/driver.o
 .debug_macro   0x00000000       0x16 driver/driver.o
 .debug_macro   0x00000000       0x35 driver/driver.o
 .debug_macro   0x00000000       0xa6 driver/driver.o
 .debug_macro   0x00000000       0x3b driver/driver.o
 .debug_macro   0x00000000       0x4c driver/driver.o
 .debug_macro   0x00000000       0x16 driver/driver.o
 .group         0x00000000        0xc tests/tests.o
 .group         0x00000000        0xc tests/tests.o
 .group         0x00000000        0xc tests/tests.o
 .group         0x00000000        0xc tests/tests.o
 .group         0x00000000        0xc tests/tests.o
 .group         0x00000000        0xc tests/tests.o
 .group         0x00000000        0xc tests/tests.o
 .group         0x00000000        0xc tests/tests.o
 .group         0x00000000        0xc tests/tests.o
 .group         0x00000000        0xc tests/tests.o
 .group         0x00000000        0xc tests/tests.o
 .group         0x00000000        0xc tests/tests.o
 .group         0x00000000        0xc tests/tests.o
 .debug_macro   0x00000000      0x886 tests/tests.o
 .debug_macro   0x00000000       0x22 tests/tests.o
 .debug_macro   0x00000000       0x16 tests/tests.o
 .debug_macro   0x00000000       0x88 tests/tests.o
 .debug_macro   0x00000000       0x3b tests/tests.o
 .debug_macro   0x00000000       0x4c tests/tests.o
 .debug_macro   0x00000000       0x22 tests/tests.o
 .debug_macro   0x00000000       0x16 tests/tests.o
 .debug_macro   0x00000000       0x3a tests/tests.o
 .debug_macro   0x00000000      0x1e3 tests/tests.o
 .debug_macro   0x00000000      0x166 tests/tests.o
 .group         0x00000000        0xc libc/libc.a(string.o)
 .group         0x00000000        0xc libc/libc.a(string.o)
 .group         0x00000000        0xc libc/libc.a(string.o)
 .group         0x00000000        0xc libc/libc.a(string.o)
 .group         0x00000000        0xc libc/libc.a(string.o)
 .debug_macro   0x00000000      0x886 libc/libc.a(string.o)
 .debug_macro   0x00000000       0x16 libc/libc.a(string.o)
 .debug_macro   0x00000000       0x88 libc/libc.a(string.o)
 .debug_macro   0x00000000       0x16 libc/libc.a(string.o)
 .debug_macro   0x00000000       0x22 libc/libc.a(string.o)

Memory Configuration

Name             Origin             Length             Attributes
*default*        0x00000000         0xffffffff

Linker script and memory map

                0xc0100000                        . = 0xc0100000
                0xc0100000                        kernel_start = .
                0xc0100100                        . = (. + 0x100)
                0xc0100100                        kcode_start = .

.text           0xc0100100     0x1b1e
 *(.text)
 .text          0xc0100100      0x7e7 init/init.o
                0xc0100100                create_gdt_entry
                0xc010017d                gdt_init_flat_protected
                0xc0100217                get_gdt_ptr
                0xc0100228                interrupt_dispatch
                0xc0100300                register_interrupt_handler
                0xc010031d                unregister_interrupt_handler
                0xc010033b                get_interrupt_handler
                0xc0100354                setup_x86_interrupts
                0xc010039a                create_idt_entry
                0xc01003ee                idt_init
                0xc0100772                kmain
                0xc01007bd                load_gdt
                0xc01007da                load_idt
                0xc01007e2                isr_common_handler
                0xc0100809                isr0
                0xc010080f                isr1
                0xc0100815                isr2
                0xc010081b                isr3
                0xc0100821                isr4
                0xc0100827                isr5
                0xc010082d                isr6
                0xc0100833                isr7
                0xc0100839                isr8
                0xc010083d                isr9
                0xc0100843                isr10
                0xc0100847                isr11
                0xc010084b                isr12
                0xc010084f                isr13
                0xc0100853                isr14
                0xc0100857                isr15
                0xc010085d                isr16
                0xc0100866                isr17
                0xc010086d                isr18
                0xc0100876                isr19
                0xc010087f                isr20
                0xc0100888                isr21
                0xc010088f                isr22
                0xc0100898                isr23
                0xc01008a1                isr24
                0xc01008aa                isr25
                0xc01008b3                isr26
                0xc01008bc                isr27
                0xc01008c5                isr28
                0xc01008ce                isr29
                0xc01008d7                isr30
                0xc01008de                isr31
 .text          0xc01008e7      0x573 driver/driver.o
                0xc0100906                pic_init
                0xc01009a8                pic_send_eoi
                0xc0100a14                serial_init
                0xc0100a77                serial_putc
                0xc0100ab3                serial_puts
                0xc0100ade                serial_getc
                0xc0100d1e                kbd_keycode_to_ascii
                0xc0100d43                vga_entry_color
                0xc0100d58                vga_entry
                0xc0100d7b                vga_move_cursor_to
                0xc0100df9                vga_putentry_at
                0xc0100e50                vga_get_screen_buffer
 .text          0xc0100e5a      0x7db tests/tests.o
                0xc0100e5a                test_intr_reg
                0xc0100f1a                test_intr_unreg
                0xc0100fc2                test_intr_multi
                0xc01010c7                test_vga_entry
                0xc01011a2                test_vga_cursor
                0xc01012a2                test_vga_entry_overwrite
                0xc01013a8                test_vga_entry_colors
                0xc0101454                test_vga_entry_boundaries
                0xc0101515                start_tests
                0xc01015a6                read_command
                0xc0101611                send_msg
 .text          0xc0101635      0x5e9 libc/libc.a(string.o)
                0xc0101635                strlen
                0xc010165c                memset
                0xc010168f                strcmp
                0xc01016ce                memcpy
                0xc010170f                memcmp
                0xc0101779                strcpy
                0xc01017b3                strncpy
                0xc0101810                strchr
                0xc010183c                strtok
                0xc01018ee                strtol
                0xc0101ab6                strtok_r
                0xc0101bd4                strcat
                0xc0101c1e                        kcode_end = .
                0xc0101c1e                        krodata_start = .

.iplt           0xc0101c1e        0x0
 .iplt          0xc0101c1e        0x0 init/init.o

.rodata         0xc0101c20      0x4be
 *(.rodata)
 .rodata        0xc0101c20       0xe3 init/init.o
 *fill*         0xc0101d03       0x1d 
 .rodata        0xc0101d20      0x14c driver/driver.o
 .rodata        0xc0101e6c      0x272 tests/tests.o
 *(.rodata.*)
                0xc01020de                        krodata_end = .
                0xc01020de                        kdata_start = .

.rel.dyn        0xc01020e0        0x0
 .rel.got       0xc01020e0        0x0 init/init.o
 .rel.iplt      0xc01020e0        0x0 init/init.o
 .rel.text      0xc01020e0        0x0 init/init.o

.data           0xc01020e0       0x48
 *(.data)
 .data          0xc01020e0        0x0 init/init.o
 .data          0xc01020e0        0x0 driver/driver.o
 .data          0xc01020e0       0x48 tests/tests.o
 .data          0xc0102128        0x0 libc/libc.a(string.o)
                0xc0102128                        kdata_end = .
                0xc0102128                        kbss_start = .

.got            0xc0102128        0x0
 .got           0xc0102128        0x0 init/init.o

.got.plt        0xc0102128        0x0
 .got.plt       0xc0102128        0x0 init/init.o

.igot.plt       0xc0102128        0x0
 .igot.plt      0xc0102128        0x0 init/init.o

.bss            0xc0102140      0xe44
 *(.bss)
 .bss           0xc0102140      0xc46 init/init.o
 *fill*         0xc0102d86       0x1a 
 .bss           0xc0102da0      0x128 driver/driver.o
 *fill*         0xc0102ec8       0x18 
 .bss           0xc0102ee0       0xa0 tests/tests.o
 .bss           0xc0102f80        0x4 libc/libc.a(string.o)
                0xc0102f84                        kbss_end = .

/DISCARD/
 *(.eh_frame .note.GNU-stack)
                0xc0102f84                        kernel_end = .
LOAD init/init.o
LOAD driver/driver.o
LOAD tests/tests.o
LOAD libc/libc.a
OUTPUT(kernel.elf elf32-i386)

.comment        0x00000000       0x12
 .comment       0x00000000       0x12 init/init.o
                                 0x4c (size before relaxing)
 .comment       0x00000012        0x0 driver/driver.o
                                 0x4c (size before relaxing)
 .comment       0x00000012        0x0 tests/tests.o
                                 0x85 (size before relaxing)
 .comment       0x00000012        0x0 libc/libc.a(string.o)
                                 0x13 (size before relaxing)

.debug_aranges  0x00000000      0x220
 .debug_aranges
                0x00000000       0xc0 init/init.o
 .debug_aranges
                0x000000c0       0x80 driver/driver.o
 .debug_aranges
                0x00000140       0xc0 tests/tests.o
 .debug_aranges
                0x00000200       0x20 libc/libc.a(string.o)

.debug_info     0x00000000     0x2512
 .debug_info    0x00000000      0x977 init/init.o
 .debug_info    0x00000977      0xc7b driver/driver.o
 .debug_info    0x000015f2      0x9de tests/tests.o
 .debug_info    0x00001fd0      0x542 libc/libc.a(string.o)

.debug_abbrev   0x00000000      0xeba
 .debug_abbrev  0x00000000      0x4b3 init/init.o
 .debug_abbrev  0x000004b3      0x45f driver/driver.o
 .debug_abbrev  0x00000912      0x44a tests/tests.o
 .debug_abbrev  0x00000d5c      0x15e libc/libc.a(string.o)

.debug_line     0x00000000     0x22b4
 .debug_line    0x00000000      0xa04 init/init.o
 .debug_line    0x00000a04      0x828 driver/driver.o
 .debug_line    0x0000122c      0xb91 tests/tests.o
 .debug_line    0x00001dbd      0x4f7 libc/libc.a(string.o)

.debug_frame    0x00000000      0x9b4
 .debug_frame   0x00000000      0x210 init/init.o
 .debug_frame   0x00000210      0x3d4 driver/driver.o
 .debug_frame   0x000005e4      0x23c tests/tests.o
 .debug_frame   0x00000820      0x194 libc/libc.a(string.o)

.debug_str      0x00000000     0x58b9
 .debug_str     0x00000000     0x58b9 init/init.o
                               0xceec (size before relaxing)
 .debug_str     0x000058b9        0x0 driver/driver.o
                               0xdd6b (size before relaxing)
 .debug_str     0x000058b9        0x0 tests/tests.o
                              0x156a8 (size before relaxing)
 .debug_str     0x000058b9        0x0 libc/libc.a(string.o)
                               0x2fc3 (size before relaxing)

.debug_macro    0x00000000     0x1540
 .debug_macro   0x00000000      0x193 init/init.o
 .debug_macro   0x00000193      0x886 init/init.o
 .debug_macro   0x00000a19       0x88 init/init.o
 .debug_macro   0x00000aa1       0x82 init/init.o
 .debug_macro   0x00000b23       0x16 init/init.o
 .debug_macro   0x00000b39       0x16 init/init.o
 .debug_macro   0x00000b4f       0x3b init/init.o
 .debug_macro   0x00000b8a       0x4c init/init.o
 .debug_macro   0x00000bd6       0x46 init/init.o
 .debug_macro   0x00000c1c       0xa6 init/init.o
 .debug_macro   0x00000cc2       0x40 init/init.o
 .debug_macro   0x00000d02       0x35 init/init.o
 .debug_macro   0x00000d37       0x22 init/init.o
 .debug_macro   0x00000d59       0x88 init/init.o
 .debug_macro   0x00000de1      0x135 driver/driver.o
 .debug_macro   0x00000f16       0x22 driver/driver.o
 .debug_macro   0x00000f38      0x1e3 driver/driver.o
 .debug_macro   0x0000111b      0x166 driver/driver.o
 .debug_macro   0x00001281       0x52 driver/driver.o
 .debug_macro   0x000012d3       0x3a driver/driver.o
 .debug_macro   0x0000130d      0x1ce tests/tests.o
 .debug_macro   0x000014db       0x10 tests/tests.o
 .debug_macro   0x000014eb       0x16 tests/tests.o
 .debug_macro   0x00001501       0x3f libc/libc.a(string.o)

.debug_ranges   0x00000000       0x48
 .debug_ranges  0x00000000       0x48 libc/libc.a(string.o)
